I'm sorry, but errors were detected in your script. Please correct the
errors listed below, and try again.


File "game/script.rpy", line 287: expected statement.
    "Yes":
         ^

File "game/script.rpy", line 289: expected statement.
    "No":
        ^

Ren'Py Version: Ren'Py 8.3.4.24120703
Fri Jan  3 22:57:09 2025
